<html>
<body>
<pre>
<h1>µVision Build Log</h1>
<h2>Tool Versions:</h2>
IDE-Version: ¦ÌVision V5.14.0.0
Copyright (C) 2015 ARM Ltd and ARM Germany GmbH. All rights reserved.
License Information: liuxinyu ASUS, langfangshifanxueyuan, LIC=1WSBS-LRZVV-PFSIX-H8FAG-1TV5W-6E32M
 
Tool Versions:
Toolchain:       MDK-ARM Professional  Version: 5.14.0.0
Toolchain Path:  C:\Keil_v5\ARM\ARMCC\Bin
C Compiler:      Armcc.exe V5.05 update 1 (build 106)
Assembler:       Armasm.exe V5.05 update 1 (build 106)
Linker/Locator:  ArmLink.exe V5.05 update 1 (build 106)
Library Manager: ArmAr.exe V5.05 update 1 (build 106)
Hex Converter:   FromElf.exe V5.05 update 1 (build 106)
CPU DLL:         SARMCM3.DLL V5.14.0.0
Dialog DLL:      DARMSTM.DLL V1.65.0.0
Target DLL:      Segger\JL2CM3.dll V2.99.13.0
Dialog DLL:      TARMSTM.DLL V1.64.0.0
 
<h2>Project:</h2>
C:\Users\ASUS\Desktop\5b2cb692c8d643488e9be347b2f73a94_mcu_stm32f103c8x_20161125011525_sj5loq\Project\mcu_stm32f103c8x.uvproj
Project File Date:  11/25/2016

<h2>Output:</h2>
Rebuild target 'mcu_stm32f103c8x'
assembling startup_stm32f10x_md.s...
compiling core_cm3.c...
compiling system_stm32f10x.c...
compiling misc.c...
compiling stm32f10x_adc.c...
compiling stm32f10x_bkp.c...
compiling stm32f10x_can.c...
compiling stm32f10x_cec.c...
compiling stm32f10x_crc.c...
compiling stm32f10x_dac.c...
compiling stm32f10x_dbgmcu.c...
compiling stm32f10x_dma.c...
compiling stm32f10x_exti.c...
compiling stm32f10x_flash.c...
compiling stm32f10x_fsmc.c...
compiling stm32f10x_gpio.c...
compiling stm32f10x_i2c.c...
compiling stm32f10x_iwdg.c...
compiling stm32f10x_pwr.c...
compiling stm32f10x_rcc.c...
compiling stm32f10x_rtc.c...
compiling stm32f10x_sdio.c...
compiling stm32f10x_spi.c...
compiling stm32f10x_tim.c...
compiling stm32f10x_usart.c...
compiling stm32f10x_wwdg.c...
compiling main.c...
..\Hal\Hal_Led/led.h(10): warning:  #1-D: last line of file ends without a newline
  #endif
..\User\main.c: 1 warning, 0 errors
compiling stm32f10x_it.c...
compiling hal_key.c...
compiling hal_uart.c...
compiling hal_watchdog.c...
compiling led.c...
..\Hal\Hal_Led/led.h(10): warning:  #1-D: last line of file ends without a newline
  #endif
..\Hal\Hal_Led\led.c(23): warning:  #1-D: last line of file ends without a newline
        
..\Hal\Hal_Led\led.c: 2 warnings, 0 errors
compiling gizwits_product.c...
..\Hal\Hal_Led/led.h(10): warning:  #1-D: last line of file ends without a newline
  #endif
..\Gizwits\gizwits_product.c: 1 warning, 0 errors
compiling gizwits_protocol.c...
..\Gizwits\gizwits_protocol.c(697): warning:  #177-D: variable "lastReportTime" was declared but never referenced
      static uint32_t lastReportTime = 0;
..\Gizwits\gizwits_protocol.c(41): warning:  #177-D: function "rbDelete" was declared but never referenced
  static void rbDelete(rb_t* rb)
..\Gizwits\gizwits_protocol.c(297): warning:  #177-D: function "gizExchangeWord" was declared but never referenced
  static uint32_t gizExchangeWord(uint32_t  value)
..\Gizwits\gizwits_protocol.c(347): warning:  #177-D: function "gizY2X" was declared but never referenced
  static uint32_t gizY2X(uint32_t ratio, int32_t addition, int32_t preValue)
..\Gizwits\gizwits_protocol.c(366): warning:  #177-D: function "gizX2Y" was declared but never referenced
  static int32_t gizX2Y(uint32_t ratio, int32_t addition, uint32_t preValue)
..\Gizwits\gizwits_protocol.c(385): warning:  #177-D: function "gizY2XFloat" was declared but never referenced
  static uint32_t gizY2XFloat(float ratio, float addition, float preValue)
..\Gizwits\gizwits_protocol.c(404): warning:  #177-D: function "gizX2YFloat" was declared but never referenced
  static float gizX2YFloat(float ratio, float addition, uint32_t preValue)
..\Gizwits\gizwits_protocol.c: 7 warnings, 0 errors
linking...
Program Size: Code=18944 RO-data=336 RW-data=76 ZI-data=8972  
FromELF: creating hex file...
".\Obj\mcu_stm32f103c8x.axf" - 0 Error(s), 11 Warning(s).
</pre>
</body>
</html>
